[16:31:34] ======================================================================
[16:31:34] GBM FLIP STOP-LOSS FALSE POSITIVE ANALYSIS
[16:31:34] ======================================================================
[16:31:34] 
=== Step 1: Load markets ===
[16:31:52] Markets: 21,119 (5min=4,949, 15min=16,170)
[16:31:52] 
=== Step 2: Load BTC 1s bars ===
[16:31:52] Loading from ClickHouse...
[16:32:07] Loaded 15,647,274 bars
[16:32:07] Epoch range: 1757503830 to 1773160293 (15,656,464 seconds = 181.2 days)
[16:32:09] Price array built: 15,656,464 seconds, 9,191 gaps forward-filled
[16:32:09] 
=== Step 3: Rolling sigma ===
[16:32:12] Sigma computed for 259,500 minutes. Median: 0.000586
[16:32:12] 
=== Step 4: Simulate GBM trajectories ===
[16:32:17] Positions simulated: 21,073 in 4.9s
[16:32:17] Skipped: {'no_coverage': 0, 'no_sigma': 0, 'no_entry': 46}
[16:32:17] By duration: 5min=4,927, 15min=16,146
[16:32:17] 
=== Step 5: Flip analysis ===
[16:32:34] Flip analysis complete.
[16:32:34] 
=== Step 6: PnL impact ===
[16:32:38] PnL analysis complete.
[16:32:38] 
=== Step 7: Time-adaptive analysis ===
[16:32:39] Adaptive analysis complete.
[16:32:39] 
======================================================================
[16:32:39] SUMMARY: GBM FLIP STOP-LOSS ANALYSIS
[16:32:39] ======================================================================
[16:32:39] 
Resolution win rate (our side): 61.2% (12889/21073)
[16:32:39]   5-min:  3088/4927 = 62.7%
[16:32:39]   15-min: 9801/16146 = 60.7%
[16:32:39] 
--- Flip Rate by Threshold x Confirmation Delay ---
[16:32:39]     Th   Cfm  Flipped%  FalseStop%  CorrStop%  Rcv30s%  Rcv60s%  NoFlipWR%  MedianFs
[16:32:39]   0.15    0s     42.2%       20.3%      79.7%    41.7%    47.8%      90.9%      503s
[16:32:39]   0.15    3s     39.3%       17.7%      82.3%    38.2%    45.6%      89.3%      504s
[16:32:39]   0.15    5s     37.9%       16.4%      83.6%    34.3%    42.6%      88.5%      504s
[16:32:39]   0.15   10s     35.2%       14.1%      85.9%    25.3%    35.6%      86.8%      513s
[16:32:39]   0.15   15s     33.3%       12.6%      87.4%    18.0%    30.3%      85.4%      514s
[16:32:39]   0.15   20s     31.7%       11.5%      88.5%    11.6%    25.4%      84.2%      516s
[16:32:39] 
[16:32:39]   0.20    0s     43.9%       22.4%      77.6%    43.9%    51.3%      91.5%      427s
[16:32:39]   0.20    3s     41.6%       20.3%      79.7%    39.8%    48.4%      90.2%      430s
[16:32:39]   0.20    5s     40.3%       19.2%      80.8%    35.9%    45.4%      89.5%      432s
[16:32:39]   0.20   10s     37.9%       17.0%      83.0%    26.7%    38.1%      88.1%      441s
[16:32:39]   0.20   15s     36.1%       15.2%      84.8%    19.1%    32.3%      87.1%      448s
[16:32:39]   0.20   20s     34.6%       14.2%      85.8%    12.3%    27.2%      86.0%      453s
[16:32:39] 
[16:32:39]   0.25    0s     46.1%       25.0%      75.0%    45.1%    53.1%      92.1%      354s
[16:32:39]   0.25    3s     44.1%       23.2%      76.8%    40.7%    50.2%      91.1%      360s
[16:32:39]   0.25    5s     43.1%       22.2%      77.8%    36.6%    47.1%      90.6%      365s
[16:32:39]   0.25   10s     40.9%       20.3%      79.7%    27.5%    40.2%      89.5%      375s
[16:32:39]   0.25   15s     39.3%       18.8%      81.2%    19.9%    34.5%      88.6%      383s
[16:32:39]   0.25   20s     37.7%       17.2%      82.8%    12.6%    29.0%      87.7%      390s
[16:32:39] 
[16:32:39]   0.30    0s     48.6%       27.6%      72.4%    45.8%    54.9%      92.9%      291s
[16:32:39]   0.30    3s     47.1%       26.4%      73.6%    41.3%    51.5%      92.1%      295s
[16:32:39]   0.30    5s     46.1%       25.5%      74.5%    37.2%    48.3%      91.6%      301s
[16:32:39]   0.30   10s     44.1%       23.7%      76.3%    28.0%    41.4%      90.7%      310s
[16:32:39]   0.30   15s     42.4%       22.2%      77.8%    19.7%    35.1%      89.8%      319s
[16:32:39]   0.30   20s     40.9%       20.9%      79.1%    13.0%    29.9%      89.1%      326s
[16:32:39] 
[16:32:39]   0.35    0s     52.0%       31.1%      68.9%    46.3%    56.1%      93.8%      246s
[16:32:39]   0.35    3s     50.6%       30.1%      69.9%    41.8%    52.9%      93.0%      248s
[16:32:39]   0.35    5s     49.7%       29.2%      70.8%    37.6%    49.6%      92.7%      250s
[16:32:39]   0.35   10s     47.7%       27.5%      72.5%    28.3%    42.6%      91.8%      257s
[16:32:39]   0.35   15s     46.0%       26.1%      73.9%    19.9%    36.2%      91.1%      263s
[16:32:39]   0.35   20s     44.7%       24.9%      75.1%    13.3%    31.3%      90.5%      270s
[16:32:39] 
[16:32:39]   0.40    0s     56.6%       35.3%      64.7%    46.7%    56.6%      94.9%      198s
[16:32:39]   0.40    3s     55.3%       34.3%      65.7%    42.1%    53.1%      94.4%      200s
[16:32:39]   0.40    5s     54.3%       33.5%      66.5%    37.9%    50.0%      94.1%      204s
[16:32:39]   0.40   10s     52.3%       31.9%      68.1%    29.2%    43.6%      93.3%      210s
[16:32:39]   0.40   15s     50.6%       30.5%      69.5%    20.7%    37.1%      92.6%      217s
[16:32:39]   0.40   20s     49.0%       29.1%      70.9%    13.5%    31.6%      92.1%      222s
[16:32:39] 
[16:32:39]   0.45    0s     62.1%       40.0%      60.0%    47.1%    57.5%      95.8%      142s
[16:32:39]   0.45    3s     61.1%       39.3%      60.7%    42.8%    54.1%      95.5%      147s
[16:32:39]   0.45    5s     60.2%       38.7%      61.3%    38.9%    51.2%      95.2%      150s
[16:32:39]   0.45   10s     58.2%       37.2%      62.8%    29.2%    43.8%      94.5%      159s
[16:32:39]   0.45   15s     56.3%       35.8%      64.2%    21.2%    37.9%      93.9%      165s
[16:32:39]   0.45   20s     54.8%       34.6%      65.4%    14.2%    32.4%      93.4%      171s
[16:32:39] 
[16:32:39] 
--- PnL Impact ---
[16:32:39]     Th   Cfm    PnL_Stop    PnL_Hold      Delta  N_Stop    StopPnL     IfHeld
[16:32:39]   0.15    0s $      993 $   35,258 $ -34,266    8883 $-200,404 $-166,138
[16:32:39]   0.15    5s $   22,387 $   35,258 $ -12,871    7989 $-178,069 $-165,198
[16:32:39]   0.15   10s $   31,875 $   35,258 $  -3,383    7422 $-165,442 $-162,059
[16:32:39] 
[16:32:39]   0.20    0s $   11,550 $   35,258 $ -23,708    9244 $-187,200 $-163,491
[16:32:39]   0.20    5s $   28,986 $   35,258 $  -6,272    8502 $-170,147 $-163,876
[16:32:39]   0.20   10s $   37,864 $   35,258 $   2,606    7991 $-160,091 $-162,697
[16:32:39] 
[16:32:39]   0.25    0s $   20,974 $   35,258 $ -14,285    9709 $-173,235 $-158,951
[16:32:39]   0.25    5s $   36,173 $   35,258 $     915    9079 $-160,196 $-161,111
[16:32:39]   0.25   10s $   44,632 $   35,258 $   9,373    8619 $-152,077 $-161,450
[16:32:39] 
[16:32:39]   0.30    0s $   32,413 $   35,258 $  -2,846   10252 $-157,048 $-154,203
[16:32:39]   0.30    5s $   44,251 $   35,258 $   8,992    9710 $-147,341 $-156,334
[16:32:39]   0.30   10s $   51,990 $   35,258 $  16,731    9287 $-141,159 $-157,891
[16:32:39] 
[16:32:39]   0.35    0s $   40,880 $   35,258 $   5,621   10962 $-140,348 $-145,969
[16:32:39]   0.35    5s $   51,654 $   35,258 $  16,395   10466 $-132,866 $-149,262
[16:32:39]   0.35   10s $   59,181 $   35,258 $  23,922   10046 $-127,635 $-151,557
[16:32:39] 
[16:32:39]   0.40    0s $   46,989 $   35,258 $  11,731   11923 $-122,080 $-133,811
[16:32:39]   0.40    5s $   56,629 $   35,258 $  21,371   11453 $-116,880 $-138,251
[16:32:39]   0.40   10s $   64,359 $   35,258 $  29,100   11031 $-112,686 $-141,786
[16:32:39] 
[16:32:39]   0.45    0s $   51,221 $   35,258 $  15,962   13089 $ -99,528 $-115,490
[16:32:39]   0.45    5s $   58,775 $   35,258 $  23,517   12690 $ -96,592 $-120,109
[16:32:39]   0.45   10s $   67,137 $   35,258 $  31,878   12256 $ -93,452 $-125,330
[16:32:39] 
[16:32:39] 
--- By Duration (th=0.35, instant) ---
[16:32:39]   5-min: n=4927, flipped=2422 (49.2%), false_stop=34.1%, recov30s=51.1%, recov60s=58.4%
[16:32:39]   15-min: n=16146, flipped=8540 (52.9%), false_stop=30.2%, recov30s=45.0%, recov60s=55.5%
[16:32:39] 
--- Time-Adaptive ---
[16:32:39]   base=0.3_widen=0.0/60s: flipped=10252/21073 (48.6%), false_stop=27.6%
[16:32:39]   base=0.3_widen=0.02/60s: flipped=9156/21073 (43.4%), false_stop=22.6%
[16:32:39]   base=0.3_widen=0.05/60s: flipped=8741/21073 (41.5%), false_stop=20.1%
[16:32:39]   base=0.35_widen=0.0/60s: flipped=10962/21073 (52.0%), false_stop=31.1%
[16:32:39]   base=0.35_widen=0.02/60s: flipped=9588/21073 (45.5%), false_stop=25.1%
[16:32:39]   base=0.35_widen=0.05/60s: flipped=8959/21073 (42.5%), false_stop=21.4%
[16:32:39] 
=== Flip timing (th=0.35, instant) ===
[16:32:39]   Median: 246s
[16:32:39]   Mean:   316s
[16:32:39]   P10:    63s
[16:32:39]   P90:    702s
[16:32:39]   Mean GBM at flip: 0.321
[16:32:39] 
=== KEY COMPARISON: Current (th=0.35) vs Alternatives ===
[16:32:39] 
Instant flip (no confirmation):
[16:32:39]   Current: th=0.35                        : flipped= 52.0%, false_stop= 31.1%, recov60s= 56.1%, PnL_delta=$   5,621
[16:32:39]   Alt: th=0.30                            : flipped= 48.6%, false_stop= 27.6%, recov60s= 54.9%, PnL_delta=$  -2,846
[16:32:39]   Alt: th=0.25                            : flipped= 46.1%, false_stop= 25.0%, recov60s= 53.1%, PnL_delta=$ -14,285
[16:32:39]   Alt: th=0.20                            : flipped= 43.9%, false_stop= 22.4%, recov60s= 51.3%, PnL_delta=$ -23,708
[16:32:39] 
With 5s confirmation delay:
[16:32:39]   Current+5s: th=0.35                     : flipped= 49.7%, false_stop= 29.2%, recov60s= 49.6%, PnL_delta=$  16,395
[16:32:39]   Alt+5s: th=0.30                         : flipped= 46.1%, false_stop= 25.5%, recov60s= 48.3%, PnL_delta=$   8,992
[16:32:39]   Alt+5s: th=0.25                         : flipped= 43.1%, false_stop= 22.2%, recov60s= 47.1%, PnL_delta=$     915
[16:32:39] 
With 10s confirmation delay:
[16:32:39]   Current+10s: th=0.35                    : flipped= 47.7%, false_stop= 27.5%, recov60s= 42.6%, PnL_delta=$  23,922
[16:32:39]   Alt+10s: th=0.30                        : flipped= 44.1%, false_stop= 23.7%, recov60s= 41.4%, PnL_delta=$  16,731
[16:32:39] 
=== Saving results ===
[16:32:39] Results saved to /mnt/nvme/git/polymarket/polymarket/research/hypotheses/crypto-gbm-improvements/discovery/gbm_flip_results.json
[16:32:39] 
Done.
