[entry_filters started 2026-03-11T07:00:40.146485]
[07:00:40] Entry Filter Analysis (Vol Spike + Flat Window) — COMPLETE RUN
[07:00:40] ============================================================
[07:00:40] Computing sigma per market...
[07:00:45] Sigma: 16176 markets
[07:00:45] Computing S0...
[07:00:47] S0: 16176 markets
[07:00:47] Building bar table with PM prices (ASOF JOIN)...
[07:03:13] Bar table: 14,574,576 rows
[07:03:13] Computing per-bar rolling volatility...
[07:03:23] Rolling sigma: 14,800,498 rows
[07:03:23] ASOF joining rolling sigma to bar table...
[07:03:50] Bar table with vol: 14,574,576 rows
[07:03:50] Markets with valid sigma + s0: 16176
[07:03:50] Grouping bars...
[07:03:56] Running entry detection loop...
[07:04:15] Entries: 15933, no_signal: 243
[07:04:15] Baseline: n=15933, HR=0.8001, avg_pnl=+0.1079, total_pnl=+1718.6
[07:04:15] 
=== IDEA A: Vol Spike Suppression ===
[07:04:15] vol_ratio distribution:
[07:04:15]   p10: 0.401
[07:04:15]   p25: 0.646
[07:04:15]   p50: 0.875
[07:04:15]   p75: 1.121
[07:04:15]   p90: 1.438
[07:04:15]   p95: 1.707
[07:04:15]   p99: 2.589
[07:04:15]   thr=1.5: supp=1369 (8.6%) HR_supp=0.7860 HR_allow=0.8014 FQR=0.981 PnL_allow=+0.1075 (Δ-0.0004) total_pnl_Δ=-152.9 flip_supp=9.1% flip_allow=14.3%
[07:04:15]   thr=2.0: supp=438 (2.7%) HR_supp=0.7511 HR_allow=0.8015 FQR=0.937 PnL_allow=+0.1074 (Δ-0.0005) total_pnl_Δ=-54.8 flip_supp=9.1% flip_allow=14.0%
[07:04:15]   thr=2.5: supp=181 (1.1%) HR_supp=0.7459 HR_allow=0.8007 FQR=0.931 PnL_allow=+0.1075 (Δ-0.0003) total_pnl_Δ=-25.0 flip_supp=12.7% flip_allow=13.9%
[07:04:15]   thr=3.0: supp=86 (0.5%) HR_supp=0.8023 HR_allow=0.8001 FQR=1.003 PnL_allow=+0.1075 (Δ-0.0004) total_pnl_Δ=-15.2 flip_supp=12.8% flip_allow=13.9%
[07:04:15]   thr=4.0: supp=29 (0.2%) HR_supp=0.8276 HR_allow=0.8001 FQR=1.034 PnL_allow=+0.1076 (Δ-0.0002) total_pnl_Δ=-6.6 flip_supp=17.2% flip_allow=13.9%
[07:04:15] 
=== IDEA B: Flat Window Suppression ===
[07:04:15] log_move distribution (% of price):
[07:04:15]   p5: 0.0127%
[07:04:15]   p10: 0.0169%
[07:04:15]   p25: 0.0278%
[07:04:15]   p50: 0.0491%
[07:04:15]   p75: 0.0868%
[07:04:15]   p90: 0.1406%
[07:04:15]   p95: 0.1899%
[07:04:15]   thr=0.0005: supp=8117 (50.9%) HR_supp=0.8223 HR_allow=0.7770 FQR=1.058 PnL_allow=+0.0901 (Δ-0.0178) total_pnl_Δ=-1014.4 avg_dev_supp=0.1290
[07:04:15]   thr=0.0010: supp=12740 (80.0%) HR_supp=0.8157 HR_allow=0.7379 FQR=1.105 PnL_allow=+0.0803 (Δ-0.0276) total_pnl_Δ=-1462.3 avg_dev_supp=0.1501
[07:04:15]   thr=0.0015: supp=14561 (91.4%) HR_supp=0.8107 HR_allow=0.6873 FQR=1.180 PnL_allow=+0.0722 (Δ-0.0357) total_pnl_Δ=-1619.6 avg_dev_supp=0.1603
[07:04:15]   thr=0.0020: supp=15226 (95.6%) HR_supp=0.8061 HR_allow=0.6719 FQR=1.200 PnL_allow=+0.0697 (Δ-0.0382) total_pnl_Δ=-1669.3 avg_dev_supp=0.1648
[07:04:15]   thr=0.0030: supp=15700 (98.5%) HR_supp=0.8025 HR_allow=0.6352 FQR=1.263 PnL_allow=+0.0643 (Δ-0.0436) total_pnl_Δ=-1703.6 avg_dev_supp=0.1689
[07:04:15] 
=== COMBINED FILTER ===
[07:04:15] Top combined configurations (by HR improvement):
[07:04:15]   vol>4.0 + flat<0.0005: supp=8137 (51.1%) HR_allow=0.7768 (Δ-0.0233) PnL_allow=+0.0897 (Δ-0.0181) FQR=1.059
[07:04:15]   vol>3.0 + flat<0.0005: supp=8165 (51.2%) HR_allow=0.7766 (Δ-0.0235) PnL_allow=+0.0894 (Δ-0.0184) FQR=1.059
[07:04:15]   vol>2.0 + flat<0.0005: supp=8348 (52.4%) HR_allow=0.7765 (Δ-0.0236) PnL_allow=+0.0890 (Δ-0.0189) FQR=1.058
[07:04:15]   vol>2.5 + flat<0.0005: supp=8214 (51.6%) HR_allow=0.7764 (Δ-0.0237) PnL_allow=+0.0892 (Δ-0.0186) FQR=1.059
[07:04:15]   vol>1.5 + flat<0.0005: supp=8786 (55.1%) HR_allow=0.7747 (Δ-0.0254) PnL_allow=+0.0884 (Δ-0.0195) FQR=1.059
[07:04:15]   vol>4.0 + flat<0.0010: supp=12752 (80.0%) HR_allow=0.7378 (Δ-0.0623) PnL_allow=+0.0798 (Δ-0.0280) FQR=1.105
[07:04:15]   vol>3.0 + flat<0.0010: supp=12770 (80.1%) HR_allow=0.7376 (Δ-0.0625) PnL_allow=+0.0795 (Δ-0.0284) FQR=1.106
[07:04:15]   vol>2.5 + flat<0.0010: supp=12795 (80.3%) HR_allow=0.7371 (Δ-0.0630) PnL_allow=+0.0792 (Δ-0.0287) FQR=1.106
[07:04:15]   vol>2.0 + flat<0.0010: supp=12856 (80.7%) HR_allow=0.7368 (Δ-0.0633) PnL_allow=+0.0785 (Δ-0.0294) FQR=1.107
[07:04:15]   vol>1.5 + flat<0.0010: supp=13013 (81.7%) HR_allow=0.7318 (Δ-0.0683) PnL_allow=+0.0774 (Δ-0.0305) FQR=1.114
[07:04:15] 
=== VOL RATIO BUCKETS ===
[07:04:15]   bucket        | n     | HR     | avg_pnl | flip%
[07:04:15]   <0.5          : n=  2289 HR=0.7505 pnl=+0.1275 flip=20.0%
[07:04:15]   0.5-0.75      : n=  3407 HR=0.7725 pnl=+0.1037 flip=17.6%
[07:04:15]   0.75-1.0      : n=  4489 HR=0.8144 pnl=+0.1025 flip=13.4%
[07:04:15]   1.0-1.25      : n=  3050 HR=0.8403 pnl=+0.1043 flip=10.3%
[07:04:15]   1.25-1.5      : n=  1329 HR=0.8299 pnl=+0.1070 flip=8.4%
[07:04:15]   1.5-2.0       : n=   931 HR=0.8024 pnl=+0.1054 flip=9.1%
[07:04:15]   2.0-2.5       : n=   257 HR=0.7549 pnl=+0.1161 flip=6.6%
[07:04:15]   2.5-3.0       : n=    95 HR=0.6947 pnl=+0.1035 flip=12.6%
[07:04:15]   >3.0          : n=    86 HR=0.8023 pnl=+0.1763 flip=12.8%
[07:04:15] 
=== LOG_MOVE BUCKETS ===
[07:04:15]   bucket        | n     | HR     | avg_pnl | flip% | gbm_dev
[07:04:15]   <0.02%        : n=  2269 HR=0.8074 pnl=+0.1468 flip=16.9% gbm_dev=0.1044
[07:04:15]   0.02-0.05%    : n=  5848 HR=0.8281 pnl=+0.1165 flip=9.4% gbm_dev=0.1385
[07:04:15]   0.05-0.1%     : n=  4623 HR=0.8040 pnl=+0.0969 flip=12.9% gbm_dev=0.1871
[07:04:15]   0.1-0.15%     : n=  1821 HR=0.7759 pnl=+0.0864 flip=18.1% gbm_dev=0.2323
[07:04:15]   0.15-0.2%     : n=   665 HR=0.7038 pnl=+0.0748 flip=25.4% gbm_dev=0.2616
[07:04:15]   0.2-0.3%      : n=   474 HR=0.6899 pnl=+0.0724 flip=23.8% gbm_dev=0.3023
[07:04:15]   0.3-0.5%      : n=   190 HR=0.6421 pnl=+0.0671 flip=30.0% gbm_dev=0.3196
[07:04:15]   >0.5%         : n=    43 HR=0.6047 pnl=+0.0519 flip=32.6% gbm_dev=0.3568
[07:04:15] 
Saved to /mnt/nvme/git/polymarket/polymarket/research/hypotheses/crypto-gbm-flip-stop/discovery/entry_filters_results.json
[07:04:15] Done.
