[max_move_deep_dive started 2026-03-11T07:26:34.038693]
[07:26:34] Max Move Deep Dive — Capital Utilization Analysis
[07:26:34] ============================================================
[07:26:34] Computing sigma per market...
[07:26:39] Sigma computed for 16176 markets
[07:26:39] Computing S0...
[07:26:41] S0 computed for 16176 markets
[07:26:41] Building bar-level table with PM prices (ASOF JOIN)...
[07:28:54] Bar table: 14,574,576 rows
[07:28:54] Markets with valid sigma + s0: 16176
[07:28:54] Grouping bars by condition_id...
[07:28:59] Grouped 16176 markets
[07:28:59] Running per-market signal extraction...
[07:29:31] Signal extraction done: 15929 signals found
[07:29:31]   Skipped no_bars:   0
[07:29:31]   Skipped no_signal: 247
[07:29:31] Signals DataFrame: 15929 rows, date range: 2025-09-13 to 2026-03-03
[07:29:31] 
--- Analysis 1: Hold time by log_move bucket ---
[07:29:31] Hold time by log_move bucket (v1=delay=1, v5=delay=5):
[07:29:31] Bucket           N   HR_v1   HR_v5   Hold_v1   Hold_v5   PnL_v1   PnL_v5  Flip%_v1  Flip%_v5
[07:29:31] <0.05%        8123   0.823   0.834      54.0      55.0   0.1244   0.1235      11.3       9.5
[07:29:31] 0.05-0.10%    4617   0.803   0.869      34.0      34.0   0.0975   0.1010      13.1      11.0
[07:29:31] 0.10-0.15%    1785   0.771   0.892      27.0      28.0   0.0850   0.0920      18.2      16.5
[07:29:31] 0.15-0.20%     674   0.700   0.899      24.0      24.0   0.0729   0.0822      24.5      23.0
[07:29:31] 0.20-0.30%     493   0.690   0.901      28.0      29.0   0.0738   0.0835      26.2      24.3
[07:29:31] 0.30-0.50%     198   0.641   0.894      29.5      29.5   0.0693   0.0780      29.3      28.3
[07:29:31] >0.50%          39   0.538   0.821      35.0      36.0   0.0484   0.0572      35.9      35.9
[07:29:31] 
--- Analysis 2: Granular max_move threshold sweep ---
[07:29:31] 
Granular sweep results (v1 = delay=1, v5 = delay=5):
[07:29:31]  Threshold Ver  Allow  Supp%  HR_bl  HR_allow  HR_supp  HR_delta  PnL/tr_allow  PnL_delta  Hold_allow  Hold_supp  Flip_allow  Flip_supp  CompScore
[07:29:31]     0.0005  v1   8123   49.0%  0.799     0.823    0.774    +0.024        0.1244    +0.0168        54.0       31.0        11.3%       16.6%    2894.79
[07:29:31]     0.0005  v5   8123   49.0%  0.856     0.834    0.879    -0.022        0.1235    +0.0138        55.0       31.0         9.5%       14.7%    2969.33
[07:29:31]     0.0008  v1  11407   28.4%  0.799     0.819    0.748    +0.020        0.1175    +0.0099        47.0       28.0        11.6%       19.6%    2701.11
[07:29:31]     0.0008  v5  11407   28.4%  0.856     0.844    0.887    -0.012        0.1177    +0.0079        47.0       28.0         9.7%       18.0%    2914.78
[07:29:31]     0.0010  v1  12740   20.0%  0.799     0.816    0.733    +0.017        0.1147    +0.0071        45.0       27.0        11.9%       21.6%    2608.45
[07:29:31]     0.0010  v5  12740   20.0%  0.856     0.847    0.894    -0.010        0.1154    +0.0056        45.0       28.0        10.0%       20.1%    2879.60
[07:29:31]     0.0012  v1  13675   14.2%  0.799     0.814    0.710    +0.015        0.1129    +0.0053        43.0       27.0        12.2%       23.8%    2552.08
[07:29:31]     0.0012  v5  13675   14.2%  0.856     0.850    0.895    -0.006        0.1139    +0.0042        44.0       27.0        10.4%       22.0%    2869.01
[07:29:31]     0.0015  v1  14525    8.8%  0.799     0.810    0.684    +0.011        0.1110    +0.0034        42.0       26.5        12.7%       26.1%    2481.33
[07:29:31]     0.0015  v5  14525    8.8%  0.856     0.852    0.897    -0.004        0.1125    +0.0027        43.0       27.0        10.8%       24.6%    2853.39
[07:29:31]     0.0020  v1  15199    4.6%  0.799     0.806    0.668    +0.006        0.1093    +0.0017        41.0       28.0        13.2%       27.5%    2405.06
[07:29:31]     0.0020  v5  15199    4.6%  0.856     0.854    0.895    -0.002        0.1112    +0.0014        42.0       30.0        11.4%       26.0%    2835.92
[07:29:31]     0.0030  v1  15692    1.5%  0.799     0.802    0.624    +0.003        0.1082    +0.0006        41.0       30.0        13.6%       30.4%    2352.14
[07:29:31]     0.0030  v5  15692    1.5%  0.856     0.856    0.882    -0.000        0.1103    +0.0005        41.0       30.0        11.8%       29.5%    2825.27
[07:29:31]     0.0050  v1  15890    0.2%  0.799     0.800    0.538    +0.001        0.1077    +0.0001        41.0       35.0        13.8%       35.9%    2326.10
[07:29:31]     0.0050  v5  15890    0.2%  0.856     0.856    0.821    +0.000        0.1099    +0.0001        41.0       36.0        12.0%       35.9%    2818.72
[07:29:31] 
--- Analysis 3: Capital-constrained simulation ---
[07:29:31] Config: 20 slots, $50.0/slot, FIFO (first-come-first-served)
[07:29:31] Strategy: if all slots full, entry is MISSED (no queue)
[07:29:57] 
Capital-constrained simulation results:
[07:29:57] Filter                 Ver  Avail  Taken  Missed   Sat%  MaxConc     HR   PnL/tr   TotalPnL   Hold_s
[07:29:57] no_filter               v1  15929  15929       0    0.0%        1  0.799   0.1076    1713.80     41.0
[07:29:57] no_filter               v5  15929  15929       0    0.0%        1  0.856   0.1098    1748.35     41.0
[07:29:57] max_move=0.0005         v1   8123   8123       0    0.0%        1  0.823   0.1244    1010.81     54.0
[07:29:57] max_move=0.0005         v5   8123   8123       0    0.0%        1  0.834   0.1235    1003.57     55.0
[07:29:57] max_move=0.0008         v1  11407  11407       0    0.0%        1  0.819   0.1175    1339.78     47.0
[07:29:57] max_move=0.0008         v5  11407  11407       0    0.0%        1  0.844   0.1177    1342.59     47.0
[07:29:57] max_move=0.0010         v1  12740  12740       0    0.0%        1  0.816   0.1147    1460.91     45.0
[07:29:57] max_move=0.0010         v5  12740  12740       0    0.0%        1  0.847   0.1154    1469.97     45.0
[07:29:57] max_move=0.0012         v1  13675  13675       0    0.0%        1  0.814   0.1129    1544.21     43.0
[07:29:57] max_move=0.0012         v5  13675  13675       0    0.0%        1  0.850   0.1139    1558.11     44.0
[07:29:57] max_move=0.0015         v1  14525  14525       0    0.0%        1  0.810   0.1110    1612.69     42.0
[07:29:57] max_move=0.0015         v5  14525  14525       0    0.0%        1  0.852   0.1125    1634.13     43.0
[07:29:57] max_move=0.0020         v1  15199  15199       0    0.0%        1  0.806   0.1093    1661.79     41.0
[07:29:57] max_move=0.0020         v5  15199  15199       0    0.0%        1  0.854   0.1112    1689.53     42.0
[07:29:57] max_move=0.0030         v1  15692  15692       0    0.0%        1  0.802   0.1082    1698.18     41.0
[07:29:57] max_move=0.0030         v5  15692  15692       0    0.0%        1  0.856   0.1103    1730.68     41.0
[07:29:57] 
--- Analysis 4: Time-of-window analysis ---
[07:29:57] 
Time-of-window analysis (large_move = |log(spot/s0)| > 0.1%):
[07:29:57] Bucket        Large     N     HR   PnL/tr   Hold_s
[07:29:57] 0-30s         False  2078  0.792   0.1202     71.0
[07:29:57] 0-30s          True   360  0.875   0.1188     38.0
[07:29:57] 30-60s        False  1934  0.850   0.1209     57.0
[07:29:57] 30-60s         True   286  0.895   0.1014     32.0
[07:29:57] 60-120s       False  2985  0.849   0.1158     48.0
[07:29:57] 60-120s        True   604  0.877   0.0942     32.0
[07:29:57] 120-180s      False  1848  0.835   0.1163     43.0
[07:29:57] 120-180s       True   489  0.832   0.0850     31.0
[07:29:57] 180-300s      False  2050  0.850   0.1139     36.0
[07:29:57] 180-300s       True   701  0.715   0.0698     27.0
[07:29:57] 300-600s      False  1774  0.710   0.1007     25.0
[07:29:57] 300-600s       True   704  0.446   0.0464      0.5
[07:29:57] 600-900s      False    71  0.380   0.0663      0.0
[07:29:57] 600-900s       True    45  0.289   0.0242      0.0
[07:29:57] 
20.3% of large-move entries occur in first 60s of window
[07:29:57] (skip_seconds=20 is already applied — these are 20-60s entries)
[07:29:57] 
--- Analysis 5: Flip confirm × max_move interaction ---
[07:29:57] 
  no_filter: N=15929
[07:29:57]     confirm=1 (old): HR=0.799 PnL/tr=+0.1076 Total=+1713.8 Hold=41s Flip%=13.9%
[07:29:57]     confirm=5 (new): HR=0.856 PnL/tr=+0.1098 Total=+1748.4 Hold=41s Flip%=12.0%
[07:29:57] 
  max_move=0.001: N=12740
[07:29:57]     confirm=1 (old): HR=0.816 PnL/tr=+0.1147 Total=+1460.9 Hold=45s Flip%=11.9%
[07:29:57]     confirm=5 (new): HR=0.847 PnL/tr=+0.1154 Total=+1470.0 Hold=45s Flip%=10.0%
[07:29:57] 
  max_move=0.0005: N=8123
[07:29:57]     confirm=1 (old): HR=0.823 PnL/tr=+0.1244 Total=+1010.8 Hold=54s Flip%=11.3%
[07:29:57]     confirm=5 (new): HR=0.834 PnL/tr=+0.1235 Total=+1003.6 Hold=55s Flip%=9.5%
[07:29:57] 
======================================================================
[07:29:57] FINAL SUMMARY
[07:29:57] ======================================================================
[07:29:57] 
Baseline (no filter, delay=1):
[07:29:57]   Available signals: 15929
[07:29:57]   Taken (capital ok): 15929
[07:29:57]   Missed (capital full): 0
[07:29:57]   Saturation rate: 0.0%
[07:29:57]   Max concurrent positions: 1
[07:29:57]   Hit rate: 0.799
[07:29:57]   Total PnL: 1713.8
[07:29:57] 
Capital-constrained PnL comparison (v1 = delay=1):
[07:29:57]   no_filter             : PnL=+1713.8 (Δ+0.0), HR=0.799, taken=15929, sat=0.0%
[07:29:57]   max_move=0.0030       : PnL=+1698.2 (Δ-15.6), HR=0.802, taken=15692, sat=0.0%
[07:29:57]   max_move=0.0020       : PnL=+1661.8 (Δ-52.0), HR=0.806, taken=15199, sat=0.0%
[07:29:57]   max_move=0.0015       : PnL=+1612.7 (Δ-101.1), HR=0.810, taken=14525, sat=0.0%
[07:29:57]   max_move=0.0012       : PnL=+1544.2 (Δ-169.6), HR=0.814, taken=13675, sat=0.0%
[07:29:57]   max_move=0.0010       : PnL=+1460.9 (Δ-252.9), HR=0.816, taken=12740, sat=0.0%
[07:29:57]   max_move=0.0008       : PnL=+1339.8 (Δ-374.0), HR=0.819, taken=11407, sat=0.0%
[07:29:57]   max_move=0.0005       : PnL=+1010.8 (Δ-703.0), HR=0.823, taken=8123, sat=0.0%
[07:29:57] 
Capital-constrained PnL comparison (v5 = delay=5 confirm):
[07:29:57]   no_filter             : PnL=+1748.4 (Δ+0.0), HR=0.856, taken=15929, sat=0.0%
[07:29:57]   max_move=0.0030       : PnL=+1730.7 (Δ-17.7), HR=0.856, taken=15692, sat=0.0%
[07:29:57]   max_move=0.0020       : PnL=+1689.5 (Δ-58.8), HR=0.854, taken=15199, sat=0.0%
[07:29:57]   max_move=0.0015       : PnL=+1634.1 (Δ-114.2), HR=0.852, taken=14525, sat=0.0%
[07:29:57]   max_move=0.0012       : PnL=+1558.1 (Δ-190.2), HR=0.850, taken=13675, sat=0.0%
[07:29:57]   max_move=0.0010       : PnL=+1470.0 (Δ-278.4), HR=0.847, taken=12740, sat=0.0%
[07:29:57]   max_move=0.0008       : PnL=+1342.6 (Δ-405.8), HR=0.844, taken=11407, sat=0.0%
[07:29:57]   max_move=0.0005       : PnL=+1003.6 (Δ-744.8), HR=0.834, taken=8123, sat=0.0%
[07:29:57] 
Results saved to: /mnt/nvme/git/polymarket/polymarket/research/hypotheses/crypto-gbm-flip-stop/discovery/max_move_deep_dive.json
[07:29:57] Done.
