
=== Entry Price Quality Scoring Analysis ===
Started at 2026-03-07 08:30:24

--- Step 0: Schema exploration ---
maker_positions columns:
shape: (17, 2)
┌──────────────┬──────────────────────────┐
│ column_name  ┆ data_type                │
│ ---          ┆ ---                      │
│ str          ┆ str                      │
╞══════════════╪══════════════════════════╡
│ trader       ┆ VARCHAR                  │
│ condition_id ┆ VARCHAR                  │
│ position     ┆ VARCHAR                  │
│ payout       ┆ DOUBLE                   │
│ realized_pnl ┆ DOUBLE                   │
│ …            ┆ …                        │
│ yes_won      ┆ UTINYINT                 │
│ resolved_at  ┆ TIMESTAMP WITH TIME ZONE │
│ month        ┆ VARCHAR                  │
│ first_trade  ┆ TIMESTAMP WITH TIME ZONE │
│ last_trade   ┆ TIMESTAMP WITH TIME ZONE │
└──────────────┴──────────────────────────┘

markets columns:
shape: (15, 2)
┌────────────────┬──────────────────────────┐
│ column_name    ┆ data_type                │
│ ---            ┆ ---                      │
│ str            ┆ str                      │
╞════════════════╪══════════════════════════╡
│ condition_id   ┆ VARCHAR                  │
│ event_id       ┆ INTEGER                  │
│ question       ┆ VARCHAR                  │
│ slug           ┆ VARCHAR                  │
│ category       ┆ VARCHAR                  │
│ …              ┆ …                        │
│ winner_outcome ┆ VARCHAR                  │
│ created_at     ┆ TIMESTAMP WITH TIME ZONE │
│ closed_at      ┆ TIMESTAMP WITH TIME ZONE │
│ resolved_at    ┆ TIMESTAMP WITH TIME ZONE │
│ updated_at     ┆ TIMESTAMP WITH TIME ZONE │
└────────────────┴──────────────────────────┘

maker_positions total rows: 29,872,083

Position/correct distribution:
shape: (6, 3)
┌──────────┬─────────┬─────────┐
│ position ┆ correct ┆ n       │
│ ---      ┆ ---     ┆ ---     │
│ str      ┆ u8      ┆ i64     │
╞══════════╪═════════╪═════════╡
│ HEDGED   ┆ 0       ┆ 679636  │
│ HEDGED   ┆ 1       ┆ 970412  │
│ NO       ┆ 0       ┆ 2704133 │
│ NO       ┆ 1       ┆ 4194799 │
│ YES      ┆ 0       ┆ 5275771 │
│ YES      ┆ 1       ┆ 2403295 │
└──────────┴─────────┴─────────┘

--- Step 1: Build base positions with entry_price_proxy ---
_epq_base rows (before price filter): 12,615,254
_epq_filtered rows (entry_price_proxy 0.01-0.99, correct not null): 8,896,728

Entry price distribution (10pp buckets):
shape: (10, 4)
┌──────────────┬─────────────┬───────────────┬─────────────────┐
│ price_bucket ┆ n_positions ┆ population_hr ┆ avg_entry_price │
│ ---          ┆ ---         ┆ ---           ┆ ---             │
│ f64          ┆ i64         ┆ f64           ┆ f64             │
╞══════════════╪═════════════╪═══════════════╪═════════════════╡
│ 0.0          ┆ 2237254     ┆ 0.0763        ┆ 0.0342          │
│ 0.1          ┆ 651474      ┆ 0.1819        ┆ 0.145           │
│ 0.2          ┆ 585775      ┆ 0.2666        ┆ 0.2474          │
│ 0.3          ┆ 606667      ┆ 0.3501        ┆ 0.3487          │
│ 0.4          ┆ 817287      ┆ 0.4603        ┆ 0.4508          │
│ 0.5          ┆ 926084      ┆ 0.5413        ┆ 0.5405          │
│ 0.6          ┆ 604150      ┆ 0.6642        ┆ 0.6456          │
│ 0.7          ┆ 507821      ┆ 0.7583        ┆ 0.7461          │
│ 0.8          ┆ 516863      ┆ 0.8749        ┆ 0.8501          │
│ 0.9          ┆ 1443353     ┆ 0.9667        ┆ 0.9596          │
└──────────────┴─────────────┴───────────────┴─────────────────┘

--- Step 2: Population baseline HR per price bucket ---
Population HR per price bucket:
shape: (10, 3)
┌──────────────┬────────────────────┬──────────────────┐
│ price_bucket ┆ n_bucket_positions ┆ pop_hr_in_bucket │
│ ---          ┆ ---                ┆ ---              │
│ f64          ┆ i64                ┆ f64              │
╞══════════════╪════════════════════╪══════════════════╡
│ 0.0          ┆ 2237254            ┆ 0.076325         │
│ 0.1          ┆ 651474             ┆ 0.18194          │
│ 0.2          ┆ 585775             ┆ 0.26664          │
│ 0.3          ┆ 606667             ┆ 0.35007          │
│ 0.4          ┆ 817287             ┆ 0.460323         │
│ 0.5          ┆ 926084             ┆ 0.541346         │
│ 0.6          ┆ 604150             ┆ 0.664194         │
│ 0.7          ┆ 507821             ┆ 0.758283         │
│ 0.8          ┆ 516863             ┆ 0.874949         │
│ 0.9          ┆ 1443353            ┆ 0.966664         │
└──────────────┴────────────────────┴──────────────────┘

--- Step 3: Per-trader aggregate stats ---
Traders with >= 20 positions: 55,623

--- Approach 1: Price-bucket excess HR ---
Traders in approach 1 (bucket excess HR): 38,358
Approach 1 decile analysis:
shape: (10, 6)
┌────────┬───────────┬──────────────────────┬───────────────┬───────────────┬────────────────┐
│ decile ┆ n_traders ┆ avg_bucket_excess_hr ┆ min_excess_hr ┆ max_excess_hr ┆ avg_overall_hr │
│ ---    ┆ ---       ┆ ---                  ┆ ---           ┆ ---           ┆ ---            │
│ i64    ┆ i64       ┆ f64                  ┆ f64           ┆ f64           ┆ f64            │
╞════════╪═══════════╪══════════════════════╪═══════════════╪═══════════════╪════════════════╡
│ 1      ┆ 3836      ┆ -0.1173              ┆ -0.5373       ┆ -0.0763       ┆ 0.4048         │
│ 2      ┆ 3836      ┆ -0.0623              ┆ -0.0763       ┆ -0.0495       ┆ 0.4348         │
│ 3      ┆ 3836      ┆ -0.0393              ┆ -0.0495       ┆ -0.0302       ┆ 0.4601         │
│ 4      ┆ 3836      ┆ -0.0232              ┆ -0.0302       ┆ -0.0168       ┆ 0.474          │
│ 5      ┆ 3836      ┆ -0.0122              ┆ -0.0168       ┆ -0.007        ┆ 0.6063         │
│ 6      ┆ 3836      ┆ -0.0009              ┆ -0.007        ┆ 0.006         ┆ 0.5867         │
│ 7      ┆ 3836      ┆ 0.0144               ┆ 0.006         ┆ 0.0237        ┆ 0.5386         │
│ 8      ┆ 3836      ┆ 0.0318               ┆ 0.0237        ┆ 0.0393        ┆ 0.6803         │
│ 9      ┆ 3835      ┆ 0.0553               ┆ 0.0393        ┆ 0.0751        ┆ 0.5571         │
│ 10     ┆ 3835      ┆ 0.1351               ┆ 0.0752        ┆ 0.9237        ┆ 0.6009         │
└────────┴───────────┴──────────────────────┴───────────────┴───────────────┴────────────────┘

--- Approach 2: Calibration score ---
Approach 2 (calibration gap) decile analysis:
shape: (10, 6)
┌────────┬───────────┬────────────────────┬───────────────────┬───────────────────┬────────────────┐
│ decile ┆ n_traders ┆ avg_calibration_ga ┆ min_calibration_g ┆ max_calibration_g ┆ avg_overall_hr │
│ ---    ┆ ---       ┆ p                  ┆ ap                ┆ ap                ┆ ---            │
│ i64    ┆ i64       ┆ ---                ┆ ---               ┆ ---               ┆ f64            │
│        ┆           ┆ f64                ┆ f64               ┆ f64               ┆                │
╞════════╪═══════════╪════════════════════╪═══════════════════╪═══════════════════╪════════════════╡
│ 1      ┆ 5563      ┆ -0.1117            ┆ -0.4844           ┆ -0.0688           ┆ 0.3925         │
│ 2      ┆ 5563      ┆ -0.0517            ┆ -0.0688           ┆ -0.0374           ┆ 0.4689         │
│ 3      ┆ 5563      ┆ -0.0269            ┆ -0.0374           ┆ -0.0177           ┆ 0.4826         │
│ 4      ┆ 5562      ┆ -0.01              ┆ -0.0177           ┆ -0.0029           ┆ 0.5124         │
│ 5      ┆ 5562      ┆ 0.0037             ┆ -0.0029           ┆ 0.0103            ┆ 0.5292         │
│ 6      ┆ 5562      ┆ 0.0173             ┆ 0.0103            ┆ 0.0244            ┆ 0.539          │
│ 7      ┆ 5562      ┆ 0.032              ┆ 0.0244            ┆ 0.0404            ┆ 0.5639         │
│ 8      ┆ 5562      ┆ 0.0504             ┆ 0.0404            ┆ 0.0617            ┆ 0.5558         │
│ 9      ┆ 5562      ┆ 0.0774             ┆ 0.0617            ┆ 0.0972            ┆ 0.5565         │
│ 10     ┆ 5562      ┆ 0.1531             ┆ 0.0972            ┆ 0.9322            ┆ 0.6051         │
└────────┴───────────┴────────────────────┴───────────────────┴───────────────────┴────────────────┘

Calibration gap distribution:
shape: (15, 3)
┌────────────┬───────────┬────────┐
│ gap_bucket ┆ n_traders ┆ avg_hr │
│ ---        ┆ ---       ┆ ---    │
│ f64        ┆ i64       ┆ f64    │
╞════════════╪═══════════╪════════╡
│ -0.5       ┆ 2         ┆ 0.2681 │
│ -0.4       ┆ 10        ┆ 0.1581 │
│ -0.3       ┆ 40        ┆ 0.2645 │
│ -0.2       ┆ 770       ┆ 0.3195 │
│ -0.1       ┆ 7699      ┆ 0.4281 │
│ …          ┆ …         ┆ …      │
│ 0.5        ┆ 25        ┆ 0.7962 │
│ 0.6        ┆ 13        ┆ 0.7808 │
│ 0.7        ┆ 13        ┆ 0.9002 │
│ 0.8        ┆ 8         ┆ 0.9588 │
│ 0.9        ┆ 5         ┆ 0.9856 │
└────────────┴───────────┴────────┘

--- Approach 3: Weighted edge metric ---
Approach 3 (weighted edge / avg payoff on wins) decile analysis:
shape: (10, 6)
┌────────┬───────────┬────────────────────┬────────────┬────────────┬────────────────┐
│ decile ┆ n_traders ┆ avg_payoff_on_wins ┆ min_payoff ┆ max_payoff ┆ avg_overall_hr │
│ ---    ┆ ---       ┆ ---                ┆ ---        ┆ ---        ┆ ---            │
│ i64    ┆ i64       ┆ f64                ┆ f64        ┆ f64        ┆ f64            │
╞════════╪═══════════╪════════════════════╪════════════╪════════════╪════════════════╡
│ 1      ┆ 5548      ┆ 0.0376             ┆ 0.01       ┆ 0.0547     ┆ 0.7996         │
│ 2      ┆ 5548      ┆ 0.0841             ┆ 0.0547     ┆ 0.1214     ┆ 0.6503         │
│ 3      ┆ 5548      ┆ 0.166              ┆ 0.1214     ┆ 0.2125     ┆ 0.6058         │
│ 4      ┆ 5547      ┆ 0.2547             ┆ 0.2125     ┆ 0.2921     ┆ 0.5558         │
│ 5      ┆ 5547      ┆ 0.3227             ┆ 0.2921     ┆ 0.3513     ┆ 0.5075         │
│ 6      ┆ 5547      ┆ 0.3742             ┆ 0.3513     ┆ 0.3951     ┆ 0.493          │
│ 7      ┆ 5547      ┆ 0.4152             ┆ 0.3951     ┆ 0.4337     ┆ 0.4776         │
│ 8      ┆ 5547      ┆ 0.4506             ┆ 0.4337     ┆ 0.4714     ┆ 0.4627         │
│ 9      ┆ 5547      ┆ 0.5025             ┆ 0.4714     ┆ 0.5425     ┆ 0.3956         │
│ 10     ┆ 5547      ┆ 0.6555             ┆ 0.5425     ┆ 0.99       ┆ 0.2719         │
└────────┴───────────┴────────────────────┴────────────┴────────────┴────────────────┘

--- Approach 4: Sure-thing concentration ---
Approach 4 (sure-thing concentration) decile analysis:
shape: (10, 6)
┌────────┬───────────┬──────────────────────┬───────────┬───────────┬────────────────┐
│ decile ┆ n_traders ┆ avg_sure_thing_ratio ┆ min_ratio ┆ max_ratio ┆ avg_overall_hr │
│ ---    ┆ ---       ┆ ---                  ┆ ---       ┆ ---       ┆ ---            │
│ i64    ┆ i64       ┆ f64                  ┆ f64       ┆ f64       ┆ f64            │
╞════════╪═══════════╪══════════════════════╪═══════════╪═══════════╪════════════════╡
│ 1      ┆ 5548      ┆ 0.0                  ┆ 0.0       ┆ 0.0       ┆ 0.4292         │
│ 2      ┆ 5548      ┆ 0.0147               ┆ 0.0       ┆ 0.0602    ┆ 0.433          │
│ 3      ┆ 5548      ┆ 0.103                ┆ 0.0602    ┆ 0.1436    ┆ 0.4207         │
│ 4      ┆ 5547      ┆ 0.1973               ┆ 0.1438    ┆ 0.25      ┆ 0.4244         │
│ 5      ┆ 5547      ┆ 0.2998               ┆ 0.25      ┆ 0.3571    ┆ 0.4436         │
│ 6      ┆ 5547      ┆ 0.4188               ┆ 0.3571    ┆ 0.5       ┆ 0.493          │
│ 7      ┆ 5547      ┆ 0.5672               ┆ 0.5       ┆ 0.6667    ┆ 0.5355         │
│ 8      ┆ 5547      ┆ 0.758                ┆ 0.6667    ┆ 0.8519    ┆ 0.5948         │
│ 9      ┆ 5547      ┆ 0.9208               ┆ 0.8519    ┆ 1.0       ┆ 0.6534         │
│ 10     ┆ 5547      ┆ 1.0                  ┆ 1.0       ┆ 1.0       ┆ 0.7926         │
└────────┴───────────┴──────────────────────┴───────────┴───────────┴────────────────┘

--- Step 8: Cross-metric correlations ---
Cross-metric correlations:
shape: (1, 9)
┌───────────┬───────────┬───────────┬───────────┬───┬───────────┬───────────┬───────────┬──────────┐
│ hr_vs_cal ┆ hr_vs_pay ┆ hr_vs_sur ┆ hr_vs_avg ┆ … ┆ calib_vs_ ┆ calib_vs_ ┆ payoff_vs ┆ calib_vs │
│ ib_gap    ┆ off       ┆ ething    ┆ _entry    ┆   ┆ payoff    ┆ surething ┆ _surethin ┆ _bucket_ │
│ ---       ┆ ---       ┆ ---       ┆ ---       ┆   ┆ ---       ┆ ---       ┆ g         ┆ excess   │
│ f64       ┆ f64       ┆ f64       ┆ f64       ┆   ┆ f64       ┆ f64       ┆ ---       ┆ ---      │
│           ┆           ┆           ┆           ┆   ┆           ┆           ┆ f64       ┆ f64      │
╞═══════════╪═══════════╪═══════════╪═══════════╪═══╪═══════════╪═══════════╪═══════════╪══════════╡
│ 0.273     ┆ -0.6632   ┆ 0.5501    ┆ 0.9319    ┆ … ┆ 0.171     ┆ -0.0535   ┆ -0.8983   ┆ 0.9183   │
└───────────┴───────────┴───────────┴───────────┴───┴───────────┴───────────┴───────────┴──────────┘

--- Step 9: Skilled cheap buyers vs sure-thing pilers ---
Trader type segmentation:
shape: (5, 9)
┌────────────┬───────────┬────────┬───────────┬───┬────────────┬───────────┬───────────┬───────────┐
│ trader_typ ┆ n_traders ┆ avg_hr ┆ median_hr ┆ … ┆ avg_entry_ ┆ avg_calib ┆ avg_payof ┆ avg_sure_ │
│ e          ┆ ---       ┆ ---    ┆ ---       ┆   ┆ price      ┆ _gap      ┆ f_on_wins ┆ thing_rat │
│ ---        ┆ i64       ┆ f64    ┆ f64       ┆   ┆ ---        ┆ ---       ┆ ---       ┆ io        │
│ str        ┆           ┆        ┆           ┆   ┆ f64        ┆ f64       ┆ f64       ┆ ---       │
│            ┆           ┆        ┆           ┆   ┆            ┆           ┆           ┆ f64       │
╞════════════╪═══════════╪════════╪═══════════╪═══╪════════════╪═══════════╪═══════════╪═══════════╡
│ sure_thing ┆ 1882      ┆ 0.6837 ┆ 0.8095    ┆ … ┆ 0.7507     ┆ -0.067    ┆ 0.0546    ┆ 0.976     │
│ _piler     ┆           ┆        ┆           ┆   ┆            ┆           ┆           ┆           │
│ trend_foll ┆ 7136      ┆ 0.5723 ┆ 0.5294    ┆ … ┆ 0.6075     ┆ -0.0352   ┆ 0.1395    ┆ 0.7997    │
│ ower       ┆           ┆        ┆           ┆   ┆            ┆           ┆           ┆           │
│ mixed      ┆ 12150     ┆ 0.5468 ┆ 0.5238    ┆ … ┆ 0.5638     ┆ -0.017    ┆ 0.2382    ┆ 0.5297    │
│ value_orie ┆ 31035     ┆ 0.4999 ┆ 0.5       ┆ … ┆ 0.4716     ┆ 0.0284    ┆ 0.3927    ┆ 0.3019    │
│ nted       ┆           ┆        ┆           ┆   ┆            ┆           ┆           ┆           │
│ skilled_ch ┆ 3270      ┆ 0.4364 ┆ 0.4333    ┆ … ┆ 0.2984     ┆ 0.138     ┆ 0.5873    ┆ 0.1197    │
│ eap_buyer  ┆           ┆        ┆           ┆   ┆            ┆           ┆           ┆           │
└────────────┴───────────┴────────┴───────────┴───┴────────────┴───────────┴───────────┴───────────┘

--- Step 10: Out-of-sample predictive power ---
Training set traders: 443
Test set traders: 253,835
Out-of-sample IC (train metrics vs test HR):
shape: (1, 5)
┌──────────────────┬─────────────┬──────────────┬───────────────────┬─────────────────────┐
│ n_shared_traders ┆ ic_train_hr ┆ ic_calib_gap ┆ ic_payoff_on_wins ┆ ic_sure_thing_ratio │
│ ---              ┆ ---         ┆ ---          ┆ ---               ┆ ---                 │
│ i64              ┆ f64         ┆ f64          ┆ f64               ┆ f64                 │
╞══════════════════╪═════════════╪══════════════╪═══════════════════╪═════════════════════╡
│ 354              ┆ 0.6597      ┆ 0.0815       ┆ -0.5847           ┆ 0.552               │
└──────────────────┴─────────────┴──────────────┴───────────────────┴─────────────────────┘

--- Step 11: Population HR at 5pp price buckets ---

Population HR at 5pp price buckets:
shape: (20, 4)
┌──────────────────┬─────────────┬────────┬──────────────┐
│ price_bucket_5pp ┆ n_positions ┆ pop_hr ┆ pct_of_total │
│ ---              ┆ ---         ┆ ---    ┆ ---          │
│ f64              ┆ i64         ┆ f64    ┆ f64          │
╞══════════════════╪═════════════╪════════╪══════════════╡
│ 0.0              ┆ 1662703     ┆ 0.0608 ┆ 18.69        │
│ 0.05             ┆ 574551      ┆ 0.1213 ┆ 6.46         │
│ 0.1              ┆ 355256      ┆ 0.1647 ┆ 3.99         │
│ 0.15             ┆ 296218      ┆ 0.2026 ┆ 3.33         │
│ 0.2              ┆ 285485      ┆ 0.2431 ┆ 3.21         │
│ …                ┆ …           ┆ …      ┆ …            │
│ 0.75             ┆ 245767      ┆ 0.7868 ┆ 2.76         │
│ 0.8              ┆ 242795      ┆ 0.8479 ┆ 2.73         │
│ 0.85             ┆ 274068      ┆ 0.8989 ┆ 3.08         │
│ 0.9              ┆ 448284      ┆ 0.9461 ┆ 5.04         │
│ 0.95             ┆ 995069      ┆ 0.9759 ┆ 11.18        │
└──────────────────┴─────────────┴────────┴──────────────┘

--- Step 12: YES vs NO position differences ---
YES vs NO by price bucket:
shape: (20, 4)
┌──────────┬──────────────┬─────────────┬────────┐
│ position ┆ price_bucket ┆ n_positions ┆ pop_hr │
│ ---      ┆ ---          ┆ ---         ┆ ---    │
│ str      ┆ f64          ┆ i64         ┆ f64    │
╞══════════╪══════════════╪═════════════╪════════╡
│ NO       ┆ 0.0          ┆ 560520      ┆ 0.0955 │
│ NO       ┆ 0.1          ┆ 214554      ┆ 0.21   │
│ NO       ┆ 0.2          ┆ 230379      ┆ 0.2802 │
│ NO       ┆ 0.3          ┆ 271912      ┆ 0.3637 │
│ NO       ┆ 0.4          ┆ 407080      ┆ 0.4686 │
│ …        ┆ …            ┆ …           ┆ …      │
│ YES      ┆ 0.5          ┆ 437493      ┆ 0.5329 │
│ YES      ┆ 0.6          ┆ 252589      ┆ 0.6479 │
│ YES      ┆ 0.7          ┆ 186718      ┆ 0.7484 │
│ YES      ┆ 0.8          ┆ 159465      ┆ 0.8547 │
│ YES      ┆ 0.9          ┆ 284269      ┆ 0.9532 │
└──────────┴──────────────┴─────────────┴────────┘


--- Generating markdown report ---

Report written to /mnt/nvme/git/polymarket/polymarket/research/hypotheses/entry-price-quality/discovery/price_percentile_scoring.md
=== Analysis complete ===
